// Jest Snapshot v1, https://goo.gl/fbAQLP

exports[`linkify kibana link 1`] = `"<a href=\\"https://kibana/app/kibana#/dashboard/dashboard_name?_g=(time:(from:now-1h,mode:quick,to:now))&_a=(filters:!((query:(match:(host:(query:hostname,type:phrase))),meta:(alias:!n,disabled:!f,index:'logstash-*',key:host,negate:!f,value:hostname)),(meta:(alias:!n,disabled:!f,index:'logstash-*',key:program,negate:!f,value:puppet-agent),query:(match:(program:(query:puppet-agent,type:phrase)))),(meta:(alias:!n,disabled:!f,index:'logstash-*',key:level,negate:!f,value:ERROR),query:(match:(level:(query:ERROR,type:phrase))))))\\" title=\\"https://kibana/app/kibana#/dashboard/dashboard_name?_g=(time:(from:now-1h,mode:quick,to:now))&_a=(filters:!((query:(match:(host:(query:hostname,type:phrase))),meta:(alias:!n,disabled:!f,index:'logstash-*',key:host,negate:!f,value:hostname)),(meta:(alias:!n,disabled:!f,index:'logstash-*',key:program,negate:!f,value:puppet-agent),query:(match:(program:(query:puppet-agent,type:phrase)))),(meta:(alias:!n,disabled:!f,index:'logstash-*',key:level,negate:!f,value:ERROR),query:(match:(level:(query:ERROR,type:phrase))))))\\">https://kibana/app/kibana#/dashboard/dashboard_name?_g=(time:(from:now-1h,mode:quick,to:now))&_a=(filters:!((query:(match:(host:(query:hostname,type:phrase))),meta:(alias:!n,disabled:!f,index:'logstash-*',key:host,negate:!f,value:hostname)),(meta:(alias:!n,disabled:!f,index:'logstash-*',key:program,negate:!f,value:puppet-agent),query:(match:(program:(query:puppet-agent,type:phrase)))),(meta:(alias:!n,disabled:!f,index:'logstash-*',key:level,negate:!f,value:ERROR),query:(match:(level:(query:ERROR,type:phrase))))))</a>"`;

exports[`linkify kibana link 2`] = `"foo <a href=\\"https://kibana/app/kibana#/dashboard/dashboard_name?_g=(time:(from:now-1h,mode:quick,to:now))&_a=(filters:!((query:(match:(host:(query:hostname,type:phrase))),meta:(alias:!n,disabled:!f,index:'logstash-*',key:host,negate:!f,value:hostname)),(meta:(alias:!n,disabled:!f,index:'logstash-*',key:program,negate:!f,value:puppet-agent),query:(match:(program:(query:puppet-agent,type:phrase)))),(meta:(alias:!n,disabled:!f,index:'logstash-*',key:level,negate:!f,value:ERROR),query:(match:(level:(query:ERROR,type:phrase))))))\\" title=\\"https://kibana/app/kibana#/dashboard/dashboard_name?_g=(time:(from:now-1h,mode:quick,to:now))&_a=(filters:!((query:(match:(host:(query:hostname,type:phrase))),meta:(alias:!n,disabled:!f,index:'logstash-*',key:host,negate:!f,value:hostname)),(meta:(alias:!n,disabled:!f,index:'logstash-*',key:program,negate:!f,value:puppet-agent),query:(match:(program:(query:puppet-agent,type:phrase)))),(meta:(alias:!n,disabled:!f,index:'logstash-*',key:level,negate:!f,value:ERROR),query:(match:(level:(query:ERROR,type:phrase))))))\\">https://kibana/app/kibana#/dashboard/dashboard_name?_g=(time:(from:now-1h,mode:quick,to:now))&_a=(filters:!((query:(match:(host:(query:hostname,type:phrase))),meta:(alias:!n,disabled:!f,index:'logstash-*',key:host,negate:!f,value:hostname)),(meta:(alias:!n,disabled:!f,index:'logstash-*',key:program,negate:!f,value:puppet-agent),query:(match:(program:(query:puppet-agent,type:phrase)))),(meta:(alias:!n,disabled:!f,index:'logstash-*',key:level,negate:!f,value:ERROR),query:(match:(level:(query:ERROR,type:phrase))))))</a> bar"`;

exports[`linkify simple link 1`] = `"<a href=\\"http://localhost\\" title=\\"http://localhost\\">http://localhost</a>"`;

exports[`linkify simple link 2`] = `"<a href=\\"http://localhost:8080/abc\\" title=\\"http://localhost:8080/abc\\">http://localhost:8080/abc</a>"`;

exports[`linkify simple link 3`] = `"<a href=\\"http://localhost:8080/abc#foo\\" title=\\"http://localhost:8080/abc#foo\\">http://localhost:8080/abc#foo</a>"`;

exports[`linkify simple link 4`] = `"<a href=\\"http://localhost:8080/abc?foo\\" title=\\"http://localhost:8080/abc?foo\\">http://localhost:8080/abc?foo</a>"`;
