// Jest Snapshot v1, https://goo.gl/fbAQLP

exports[`<AlertGroupConfiguration /> className matches snapshot with default values 1`] = `
<div
  className="form-group text-center"
>
  <label
    className="mb-4"
  >
    Default number of alerts to show per group
  </label>
  <div
    aria-disabled={false}
    className="input-range"
    onKeyDown={[Function]}
    onKeyUp={[Function]}
    onMouseDown={[Function]}
    onTouchStart={[Function]}
  >
    <span
      className="input-range__label input-range__label--min"
    >
      <span
        className="input-range__label-container"
      >
        1
      </span>
    </span>
    <div
      className="input-range__track input-range__track--background"
      onMouseDown={[Function]}
      onTouchStart={[Function]}
    >
      <div
        className="input-range__track input-range__track--active"
        style={
          Object {
            "left": "0%",
            "width": "44.44444444444444%",
          }
        }
      />
      <span
        className="input-range__slider-container"
        style={
          Object {
            "left": "44.44444444444444%",
            "position": "absolute",
          }
        }
      >
        <span
          className="input-range__label input-range__label--value"
        >
          <span
            className="input-range__label-container"
          >
            5
          </span>
        </span>
        <div
          aria-controls={undefined}
          aria-labelledby={undefined}
          aria-valuemax={10}
          aria-valuemin={1}
          aria-valuenow={5}
          className="input-range__slider"
          draggable="false"
          onKeyDown={[Function]}
          onMouseDown={[Function]}
          onTouchStart={[Function]}
          role="slider"
          tabIndex="0"
        />
      </span>
    </div>
    <span
      className="input-range__label input-range__label--max"
    >
      <span
        className="input-range__label-container"
      >
        10
      </span>
    </span>
  </div>
</div>
`;
