// Jest Snapshot v1, https://goo.gl/fbAQLP

exports[`<FilteringLabel /> matches snapshot 1`] = `
"
<div class
     style=\\"display: inline;\\"
     data-tooltipped
     aria-describedby=\\"tippy-tooltip-1\\"
     data-original-title=\\"Click to only show alerts with this label\\"
>
  <span class=\\"components-label components-label-with-hover text-nowrap text-truncate mw-100 badge badge-warning components-label-dark\\">
    <span class=\\"components-label-name\\">
      foo:
    </span>
    <span class=\\"components-label-value\\">
      bar
    </span>
  </span>
</div>
"
`;
